// Jest Snapshot v1, https://goo.gl/fbAQLP

exports[`<Repository /> should render data from API 1`] = `
<DocumentFragment>
  <article
    class="repository"
  >
    <div
      class="repository__inner-wrap"
    >
      <span
        style="box-sizing: border-box; display: inline-block; overflow: hidden; background: none; opacity: 1; border: 0px; margin: 0px; padding: 0px; position: relative; max-width: 100%;"
      >
        <span
          style="box-sizing: border-box; display: block; background: none; opacity: 1; border: 0px; margin: 0px; padding: 0px; max-width: 100%;"
        >
          <img
            alt=""
            aria-hidden="true"
            src="data:image/svg+xml,%3csvg xmlns=%27http://www.w3.org/2000/svg%27 version=%271.1%27 width=%27100%27 height=%27100%27/%3e"
            style="display: block; max-width: 100%; background: none; opacity: 1; border: 0px; margin: 0px; padding: 0px;"
          />
        </span>
        <img
          alt="Arctic Shores Repository"
          class="repository__image"
          data-nimg="intrinsic"
          data-testid="image"
          decoding="async"
          src="data:image/gif;base64,R0lGODlhAQABAIAAAAAAAP///yH5BAEAAAAALAAAAAABAAEAAAIBRAA7"
          style="position: absolute; top: 0px; left: 0px; bottom: 0px; right: 0px; box-sizing: border-box; padding: 0px; margin: auto; display: block; width: 0px; height: 0px; min-width: 100%; max-width: 100%; min-height: 100%; max-height: 100%;"
        />
        <noscript />
      </span>
      <div
        class="repository__inner-wrap-content"
      >
        <h2
          class="repository__name"
          data-testid="name"
        >
          Arctic Shores Repository
        </h2>
        <h3
          class="repository__author"
          data-testid="author"
        >
          ScottTCodes
        </h3>
      </div>
    </div>
    <div
      class="repository__details"
    >
      <p
        class="repository__details-stat"
      >
        <span
          style="box-sizing: border-box; display: inline-block; overflow: hidden; background: none; opacity: 1; border: 0px; margin: 0px; padding: 0px; position: relative; max-width: 100%;"
        >
          <span
            style="box-sizing: border-box; display: block; background: none; opacity: 1; border: 0px; margin: 0px; padding: 0px; max-width: 100%;"
          >
            <img
              alt=""
              aria-hidden="true"
              src="data:image/svg+xml,%3csvg xmlns=%27http://www.w3.org/2000/svg%27 version=%271.1%27 width=%2730%27 height=%2730%27/%3e"
              style="display: block; max-width: 100%; background: none; opacity: 1; border: 0px; margin: 0px; padding: 0px;"
            />
          </span>
          <img
            alt="Star"
            data-nimg="intrinsic"
            decoding="async"
            src="data:image/gif;base64,R0lGODlhAQABAIAAAAAAAP///yH5BAEAAAAALAAAAAABAAEAAAIBRAA7"
            style="position: absolute; top: 0px; left: 0px; bottom: 0px; right: 0px; box-sizing: border-box; padding: 0px; margin: auto; display: block; width: 0px; height: 0px; min-width: 100%; max-width: 100%; min-height: 100%; max-height: 100%;"
          />
          <noscript />
        </span>
        <span
          data-testid="stars"
        >
          69 Stars
        </span>
      </p>
    </div>
  </article>
</DocumentFragment>
`;
